node : [33mThe CJS build of Vite's Node API is deprecated. See htt
ps://vite.dev/guide/troubleshooting.html#vite-cjs-node-api-deprecat
ed for more details.[39m
At line:1 char:19
+ ... d c:\talak-web3; node node_modules/vitest/vitest.mjs run 
2>&1 | Out-F ...
+                      ~~~~~~~~~~~~~~~~~~~~~~~~~~~~~~~~~~~~~~~~~~~~
    + CategoryInfo          : NotSpecified: ([33mThe CJS bu...e d 
   etails.[39m:String) [], RemoteException
    + FullyQualifiedErrorId : NativeCommandError
 

[1m[7m[36m RUN [39m[27m[22m [36mv2.1.9 [39m[90mC:/talak-web3[39m

 [31mÔØ»[39m apps/hono-backend/src/security/stores.test.ts [2m([22m[2m17 tests[22m[2m | [22m[31m11 failed[39m[2m)[22m[90m 191[2mms[22m[39m
[31m   [31m├ù[31m RedisNonceStore[2m > [22mcreates a nonce and records it in Redis[90m 77[2mms[22m[31m[39m
[31m     ÔåÆ INFRA_UNAVAILABLE: Failed to create nonce[39m
[31m     ÔåÆ INFRA_UNAVAILABLE: Failed to create nonce[39m
[31m   [31m├ù[31m RedisNonceStore[2m > [22mconsume succeeds on valid nonce[90m 5[2mms[22m[31m[39m
[31m     ÔåÆ INFRA_UNAVAILABLE: Failed to create nonce[39m
[31m     ÔåÆ INFRA_UNAVAILABLE: Failed to create nonce[39m
[31m   [31m├ù[31m RedisNonceStore[2m > [22mnonce reuse ÔåÆ second consume returns false[90m 8[2mms[22m[31m[39m
[31m     ÔåÆ INFRA_UNAVAILABLE: Failed to create nonce[39m
[31m     ÔåÆ INFRA_UNAVAILABLE: Failed to create nonce[39m
[31m   [31m├ù[31m RedisNonceStore[2m > [22mexpired nonce ÔåÆ consume returns false[90m 17[2mms[22m[31m[39m
[31m     ÔåÆ INFRA_UNAVAILABLE: Failed to create nonce[39m
[31m     ÔåÆ INFRA_UNAVAILABLE: Failed to create nonce[39m
[31m   [31m├ù[31m RedisRefreshStore[2m > [22mcreates a session and returns opaque token + session[90m 8[2mms[22m[31m[39m
[31m     ÔåÆ INFRA_UNAVAILABLE: Failed to create refresh token[39m
[31m     ÔåÆ INFRA_UNAVAILABLE: Failed to create refresh token[39m
[31m   [31m├ù[31m RedisRefreshStore[2m > [22mlookup returns session by token[90m 7[2mms[22m[31m[39m
[31m     ÔåÆ INFRA_UNAVAILABLE: Failed to create refresh token[39m
[31m     ÔåÆ INFRA_UNAVAILABLE: Failed to create refresh token[39m
[31m   [31m├ù[31m RedisRefreshStore[2m > [22mrotate revokes old session and issues new[90m 7[2mms[22m[31m[39m
[31m     ÔåÆ INFRA_UNAVAILABLE: Failed to create refresh token[39m
[31m     ÔåÆ INFRA_UNAVAILABLE: Failed to create refresh token[39m
[31m   [31m├ù[31m RedisRefreshStore[2m > [22mrefresh reuse ÔåÆ second rotate throws[90m 5[2mms[22m[31m[39m
[31m     ÔåÆ INFRA_UNAVAILABLE: Failed to create refresh token[39m
[31m     ÔåÆ INFRA_UNAVAILABLE: Failed to create refresh token[39m
[31m   [31m├ù[31m RedisRefreshStore[2m > [22mexpired refresh ÔåÆ rotate throws[90m 11[2mms[22m[31m[39m
[31m     ÔåÆ INFRA_UNAVAILABLE: Failed to create refresh token[39m
[31m     ÔåÆ INFRA_UNAVAILABLE: Failed to create refresh token[39m
[31m   [31m├ù[31m RedisRefreshStore[2m > [22mrevoke sets revoked flag[90m 5[2mms[22m[31m[39m
[31m     ÔåÆ INFRA_UNAVAILABLE: Failed to create refresh token[39m
[31m     ÔåÆ INFRA_UNAVAILABLE: Failed to create refresh token[39m
[31m   [31m├ù[31m RedisRefreshStore[2m > [22mrotate on explicitly-revoked session throws[90m 6[2mms[22m[31m[39m
[31m     ÔåÆ INFRA_UNAVAILABLE: Failed to create refresh token[39m
[31m     ÔåÆ INFRA_UNAVAILABLE: Failed to create refresh token[39m
 [31mÔØ»[39m packages/talak-web3-auth/src/index.test.ts [2m([22m[2m27 tests[22m[2m | [22m[31m14 failed[39m[2m)[22m[90m 125[2mms[22m[39m
[31m   [31m├ù[31m TalakWeb3Auth[2m > [22mvalid SIWE flow ÔåÆ returns accessToken and refreshToken[90m 25[2mms[22m[31m[39m
[31m     ÔåÆ CRITICAL: Mandatory auth stores (nonce, refresh, revocation) are missing from the configuration. This is a fatal error in production.[39m
[31m     ÔåÆ CRITICAL: Mandatory auth stores (nonce, refresh, revocation) are missing from the configuration. This is a fatal error in production.[39m
[31m   [31m├ù[31m TalakWeb3Auth[2m > [22mwrong domain ÔåÆ throws AUTH_SIWE_DOMAIN_MISMATCH[90m 4[2mms[22m[31m[39m
[31m     ÔåÆ CRITICAL: Mandatory auth stores (nonce, refresh, revocation) are missing from the configuration. This is a fatal error in production.[39m
[31m     ÔåÆ CRITICAL: Mandatory auth stores (nonce, refresh, revocation) are missing from the configuration. This is a fatal error in production.[39m
[31m   [31m├ù[31m TalakWeb3Auth[2m > [22minvalid signature ÔåÆ throws AUTH_SIWE_INVALID_SIG[90m 4[2mms[22m[31m[39m
[31m     ÔåÆ CRITICAL: Mandatory auth stores (nonce, refresh, revocation) are missing from the configuration. This is a fatal error in production.[39m
[31m     ÔåÆ CRITICAL: Mandatory auth stores (nonce, refresh, revocation) are missing from the configuration. This is a fatal error in production.[39m
[31m   [31m├ù[31m TalakWeb3Auth[2m > [22mexpired SIWE message ÔåÆ throws AUTH_SIWE_EXPIRED[90m 5[2mms[22m[31m[39m
[31m     ÔåÆ CRITICAL: Mandatory auth stores (nonce, refresh, revocation) are missing from the configuration. This is a fatal error in production.[39m
[31m     ÔåÆ CRITICAL: Mandatory auth stores (nonce, refresh, revocation) are missing from the configuration. This is a fatal error in production.[39m
[31m   [31m├ù[31m TalakWeb3Auth[2m > [22mnonce reuse ÔåÆ second login throws AUTH_SIWE_NONCE_REPLAY[90m 3[2mms[22m[31m[39m
[31m     ÔåÆ CRITICAL: Mandatory auth stores (nonce, refresh, revocation) are missing from the configuration. This is a fatal error in production.[39m
[31m     ÔåÆ CRITICAL: Mandatory auth stores (nonce, refresh, revocation) are missing from the configuration. This is a fatal error in production.[39m
[31m   [31m├ù[31m TalakWeb3Auth[2m > [22mexpired nonce ÔåÆ throws AUTH_SIWE_NONCE_REPLAY[90m 3[2mms[22m[31m[39m
[31m     ÔåÆ CRITICAL: Mandatory auth stores (nonce, refresh, revocation) are missing from the configuration. This is a fatal error in production.[39m
[31m     ÔåÆ CRITICAL: Mandatory auth stores (nonce, refresh, revocation) are missing from the configuration. This is a fatal error in production.[39m
[31m   [31m├ù[31m TalakWeb3Auth[2m > [22mverifySession on valid access token returns payload[90m 3[2mms[22m[31m[39m
[31m     ÔåÆ CRITICAL: Mandatory auth stores (nonce, refresh, revocation) are missing from the configuration. This is a fatal error in production.[39m
[31m     ÔåÆ CRITICAL: Mandatory auth stores (nonce, refresh, revocation) are missing from the configuration. This is a fatal error in production.[39m
[31m   [31m├ù[31m TalakWeb3Auth[2m > [22mverifySession on tampered token throws[90m 3[2mms[22m[31m[39m
[31m     ÔåÆ CRITICAL: Mandatory auth stores (nonce, refresh, revocation) are missing from the configuration. This is a fatal error in production.[39m
[31m     ÔåÆ CRITICAL: Mandatory auth stores (nonce, refresh, revocation) are missing from the configuration. This is a fatal error in production.[39m
[31m   [31m├ù[31m TalakWeb3Auth[2m > [22mrefresh rotates tokens correctly[90m 4[2mms[22m[31m[39m
[31m     ÔåÆ CRITICAL: Mandatory auth stores (nonce, refresh, revocation) are missing from the configuration. This is a fatal error in production.[39m
[31m     ÔåÆ CRITICAL: Mandatory auth stores (nonce, refresh, revocation) are missing from the configuration. This is a fatal error in production.[39m
[31m   [31m├ù[31m TalakWeb3Auth[2m > [22mrefresh reuse ÔåÆ throws (revoked)[90m 4[2mms[22m[31m[39m
[31m     ÔåÆ CRITICAL: Mandatory auth stores (nonce, refresh, revocation) are missing from the configuration. This is a fatal error in production.[39m
[31m     ÔåÆ CRITICAL: Mandatory auth stores (nonce, refresh, revocation) are missing from the configuration. This is a fatal error in production.[39m
[31m   [31m├ù[31m TalakWeb3Auth[2m > [22mexpired refresh token ÔåÆ rotate throws[90m 4[2mms[22m[31m[39m
[31m     ÔåÆ CRITICAL: Mandatory auth stores (nonce, refresh, revocation) are missing from the configuration. This is a fatal error in production.[39m
[31m     ÔåÆ CRITICAL: Mandatory auth stores (nonce, refresh, revocation) are missing from the configuration. This is a fatal error in production.[39m
[31m   [31m├ù[31m TalakWeb3Auth[2m > [22mrevokeSession with refresh token revokes both[90m 5[2mms[22m[31m[39m
[31m     ÔåÆ CRITICAL: Mandatory auth stores (nonce, refresh, revocation) are missing from the configuration. This is a fatal error in production.[39m
[31m     ÔåÆ CRITICAL: Mandatory auth stores (nonce, refresh, revocation) are missing from the configuration. This is a fatal error in production.[39m
[31m   [31m├ù[31m TalakWeb3Auth[2m > [22mvalidateJwt on valid token returns true[90m 9[2mms[22m[31m[39m
[31m     ÔåÆ CRITICAL: Mandatory auth stores (nonce, refresh, revocation) are missing from the configuration. This is a fatal error in production.[39m
[31m     ÔåÆ CRITICAL: Mandatory auth stores (nonce, refresh, revocation) are missing from the configuration. This is a fatal error in production.[39m
[31m   [31m├ù[31m TalakWeb3Auth[2m > [22mvalidateJwt on garbage returns false[90m 3[2mms[22m[31m[39m
[31m     ÔåÆ CRITICAL: Mandatory auth stores (nonce, refresh, revocation) are missing from the configuration. This is a fatal error in production.[39m
[31m     ÔåÆ CRITICAL: Mandatory auth stores (nonce, refresh, revocation) are missing from the configuration. This is a fatal error in production.[39m
 [2m[90mÔåô[39m[22m packages/talak-web3-auth/src/__tests__/redis-refresh-store.test.ts [2m([22m[2m8 tests[22m[2m | [22m[33m8 skipped[39m[2m)[22m
 [31mÔØ»[39m apps/hono-backend/src/server.test.ts [2m([22m[2m0 test[22m[2m)[22m
 [31mÔØ»[39m packages/talak-web3-auth/src/__tests__/integration/login-flow.test.ts [2m([22m[2m9 tests[22m[2m | [22m[31m6 failed[39m[2m)[22m[90m 72[2mms[22m[39m
[31m   [31m├ù[31m Login Flow Integration[2m > [22msession lifecycle[2m > [22mshould create and verify a session[90m 30[2mms[22m[31m[39m
[31m     ÔåÆ JWT_PRIVATE_KEY and JWT_PUBLIC_KEY environment variables are required.[39m
[31m     ÔåÆ JWT_PRIVATE_KEY and JWT_PUBLIC_KEY environment variables are required.[39m
[31m   [31m├ù[31m Login Flow Integration[2m > [22msession lifecycle[2m > [22mshould validate JWT correctly[90m 3[2mms[22m[31m[39m
[31m     ÔåÆ JWT_PRIVATE_KEY and JWT_PUBLIC_KEY environment variables are required.[39m
[31m     ÔåÆ JWT_PRIVATE_KEY and JWT_PUBLIC_KEY environment variables are required.[39m
[31m   [31m├ù[31m Login Flow Integration[2m > [22mtoken refresh flow[2m > [22mshould rotate refresh tokens atomically[90m 7[2mms[22m[31m[39m
[31m     ÔåÆ JWT_PRIVATE_KEY and JWT_PUBLIC_KEY environment variables are required.[39m
[31m     ÔåÆ JWT_PRIVATE_KEY and JWT_PUBLIC_KEY environment variables are required.[39m
[31m   [31m├ù[31m Login Flow Integration[2m > [22mtoken refresh flow[2m > [22mshould detect token reuse attempts[90m 7[2mms[22m[31m[39m
[31m     ÔåÆ JWT_PRIVATE_KEY and JWT_PUBLIC_KEY environment variables are required.[39m
[31m     ÔåÆ JWT_PRIVATE_KEY and JWT_PUBLIC_KEY environment variables are required.[39m
[31m   [31m├ù[31m Login Flow Integration[2m > [22msession revocation[2m > [22mshould revoke access tokens[90m 2[2mms[22m[31m[39m
[31m     ÔåÆ JWT_PRIVATE_KEY and JWT_PUBLIC_KEY environment variables are required.[39m
[31m     ÔåÆ JWT_PRIVATE_KEY and JWT_PUBLIC_KEY environment variables are required.[39m
[31m   [31m├ù[31m Login Flow Integration[2m > [22msession revocation[2m > [22mshould revoke both access and refresh tokens[90m 8[2mms[22m[31m[39m
[31m     ÔåÆ JWT_PRIVATE_KEY and JWT_PUBLIC_KEY environment variables are required.[39m
[31m     ÔåÆ JWT_PRIVATE_KEY and JWT_PUBLIC_KEY environment variables are required.[39m
[90mstderr[2m | packages/talak-web3-auth/src/__tests__/integratio
n/login-flow.test.ts[2m > [22m[2mLogin Flow Integration[2m > 
[22m[2mcomplete SIWE login flow[2m > [22m[2mshould complete 
full login flow with valid signature
[22m[39m[talak-web3-auth] InMemoryNonceStore is in use. This is 
NOT suitable for production. Use RedisNonceStore from 
@talak-web3/auth/stores with REDIS_URL.

[90mstderr[2m | packages/talak-web3-auth/src/__tests__/integratio
n/login-flow.test.ts[2m > [22m[2mLogin Flow Integration[2m > 
[22m[2mcomplete SIWE login flow[2m > [22m[2mshould prevent 
replay attacks with nonce consumption
[22m[39m[talak-web3-auth] InMemoryNonceStore is in use. This is 
NOT suitable for production. Use RedisNonceStore from 
@talak-web3/auth/stores with REDIS_URL.

[90mstderr[2m | packages/talak-web3-auth/src/__tests__/integratio
n/login-flow.test.ts[2m > [22m[2mLogin Flow Integration[2m > 
[22m[2mcomplete SIWE login flow[2m > [22m[2mshould handle 
concurrent nonce consumption attempts
[22m[39m[talak-web3-auth] InMemoryNonceStore is in use. This is 
NOT suitable for production. Use RedisNonceStore from 
@talak-web3/auth/stores with REDIS_URL.

[90mstderr[2m | packages/talak-web3-auth/src/__tests__/integratio
n/login-flow.test.ts[2m > [22m[2mLogin Flow Integration[2m > 
[22m[2msession lifecycle[2m > [22m[2mshould create and verify 
a session
[22m[39m[talak-web3-auth] InMemoryNonceStore is in use. This is 
NOT suitable for production. Use RedisNonceStore from 
@talak-web3/auth/stores with REDIS_URL.
[talak-web3-auth] InMemoryNonceStore is in use. This is NOT 
suitable for production. Use RedisNonceStore from 
@talak-web3/auth/stores with REDIS_URL.

[90mstderr[2m | packages/talak-web3-auth/src/__tests__/integratio
n/login-flow.test.ts[2m > [22m[2mLogin Flow Integration[2m > 
[22m[2msession lifecycle[2m > [22m[2mshould validate JWT 
correctly
[22m[39m[talak-web3-auth] InMemoryNonceStore is in use. This is 
NOT suitable for production. Use RedisNonceStore from 
@talak-web3/auth/stores with REDIS_URL.
[talak-web3-auth] InMemoryNonceStore is in use. This is NOT 
suitable for production. Use RedisNonceStore from 
@talak-web3/auth/stores with REDIS_URL.

[90mstderr[2m | packages/talak-web3-auth/src/__tests__/integratio
n/login-flow.test.ts[2m > [22m[2mLogin Flow Integration[2m > 
[22m[2mtoken refresh flow[2m > [22m[2mshould rotate refresh 
tokens atomically
[22m[39m[talak-web3-auth] InMemoryNonceStore is in use. This is 
NOT suitable for production. Use RedisNonceStore from 
@talak-web3/auth/stores with REDIS_URL.
[talak-web3-auth] InMemoryNonceStore is in use. This is NOT 
suitable for production. Use RedisNonceStore from 
@talak-web3/auth/stores with REDIS_URL.

[90mstderr[2m | packages/talak-web3-auth/src/__tests__/integratio
n/login-flow.test.ts[2m > [22m[2mLogin Flow Integration[2m > 
[22m[2mtoken refresh flow[2m > [22m[2mshould detect token 
reuse attempts
[22m[39m[talak-web3-auth] InMemoryNonceStore is in use. This is 
NOT suitable for production. Use RedisNonceStore from 
@talak-web3/auth/stores with REDIS_URL.
[talak-web3-auth] InMemoryNonceStore is in use. This is NOT 
suitable for production. Use RedisNonceStore from 
@talak-web3/auth/stores with REDIS_URL.

[90mstderr[2m | packages/talak-web3-auth/src/__tests__/integratio
n/login-flow.test.ts[2m > [22m[2mLogin Flow Integration[2m > 
[22m[2msession revocation[2m > [22m[2mshould revoke access 
tokens
[22m[39m[talak-web3-auth] InMemoryNonceStore is in use. This is 
NOT suitable for production. Use RedisNonceStore from 
@talak-web3/auth/stores with REDIS_URL.
[talak-web3-auth] InMemoryNonceStore is in use. This is NOT 
suitable for production. Use RedisNonceStore from 
@talak-web3/auth/stores with REDIS_URL.

[90mstderr[2m | packages/talak-web3-auth/src/__tests__/integratio
n/login-flow.test.ts[2m > [22m[2mLogin Flow Integration[2m > 
[22m[2msession revocation[2m > [22m[2mshould revoke both 
access and refresh tokens
[22m[39m[talak-web3-auth] InMemoryNonceStore is in use. This is 
NOT suitable for production. Use RedisNonceStore from 
@talak-web3/auth/stores with REDIS_URL.
[talak-web3-auth] InMemoryNonceStore is in use. This is NOT 
suitable for production. Use RedisNonceStore from 
@talak-web3/auth/stores with REDIS_URL.

 [32mÔ£ô[39m packages/talak-web3-auth/src/__tests__/unit/siwe-parser.test.ts [2m([22m[2m11 tests[22m[2m)[22m[90m 23[2mms[22m[39m
 [32mÔ£ô[39m packages/talak-web3-auth/src/__tests__/unit/refresh-store.test.ts [2m([22m[2m14 tests[22m[2m)[22m[90m 72[2mms[22m[39m
 [2m[90mÔåô[39m[22m packages/talak-web3-auth/src/__tests__/redis-revocation-store.test.ts [2m([22m[2m10 tests[22m[2m | [22m[33m10 skipped[39m[2m)[22m
[90mstderr[2m | packages/talak-web3-auth/src/__tests__/integratio
n/replay-attack-prevention.test.ts[2m > [22m[2mReplay Attack 
Prevention[2m > [22m[2mnonce replay protection[2m > 
[22m[2mshould prevent nonce reuse after consumption
[22m[39m[talak-web3-auth] InMemoryNonceStore is in use. This is 
NOT suitable for production. Use RedisNonceStore from 
@talak-web3/auth/stores with REDIS_URL.

[90mstderr[2m | packages/talak-web3-auth/src/__tests__/integratio
n/replay-attack-prevention.test.ts[2m > [22m[2mReplay Attack 
Prevention[2m > [22m[2mnonce replay protection[2m > 
[22m[2mshould track nonce consumption attempts
[22m[39m[talak-web3-auth] InMemoryNonceStore is in use. This is 
NOT suitable for production. Use RedisNonceStore from 
@talak-web3/auth/stores with REDIS_URL.

[90mstderr[2m | packages/talak-web3-auth/src/__tests__/integratio
n/replay-attack-prevention.test.ts[2m > [22m[2mReplay Attack 
Prevention[2m > [22m[2mnonce replay protection[2m > 
[22m[2mshould handle rapid concurrent consumption attempts
[22m[39m[talak-web3-auth] InMemoryNonceStore is in use. This is 
NOT suitable for production. Use RedisNonceStore from 
@talak-web3/auth/stores with REDIS_URL.

[90mstderr[2m | packages/talak-web3-auth/src/__tests__/integratio
n/replay-attack-prevention.test.ts[2m > [22m[2mReplay Attack 
Prevention[2m > [22m[2mnonce replay protection[2m > 
[22m[2mshould expire nonces after TTL
[22m[39m[talak-web3-auth] InMemoryNonceStore is in use. This is 
NOT suitable for production. Use RedisNonceStore from 
@talak-web3/auth/stores with REDIS_URL.
[talak-web3-auth] InMemoryNonceStore is in use. This is NOT 
suitable for production. Use RedisNonceStore from 
@talak-web3/auth/stores with REDIS_URL.

[90mstderr[2m | 
packages/talak-web3-auth/src/__tests__/unit/auth-core.test.ts[2m 
> [22m[2mTalakWeb3Auth[2m > [22m[2minitialization[2m > 
[22m[2mshould throw if mandatory stores are missing
[22m[39m[talak-web3-auth] InMemoryNonceStore is in use. This is 
NOT suitable for production. Use RedisNonceStore from 
@talak-web3/auth/stores with REDIS_URL.

[90mstderr[2m | 
packages/talak-web3-auth/src/__tests__/unit/auth-core.test.ts[2m 
> [22m[2mTalakWeb3Auth[2m > [22m[2minitialization[2m > 
[22m[2mshould initialize correctly with mandatory stores and 
environment keys
[22m[39m[talak-web3-auth] InMemoryNonceStore is in use. This is 
NOT suitable for production. Use RedisNonceStore from 
@talak-web3/auth/stores with REDIS_URL.

[90mstderr[2m | 
packages/talak-web3-auth/src/__tests__/unit/auth-core.test.ts[2m 
> [22m[2mTalakWeb3Auth[2m > [22m[2minitialization[2m > 
[22m[2mshould fail coldStart if keys are missing from environment
[22m[39m[talak-web3-auth] InMemoryNonceStore is in use. This is 
NOT suitable for production. Use RedisNonceStore from 
@talak-web3/auth/stores with REDIS_URL.
[talak-web3-auth] InMemoryNonceStore is in use. This is NOT 
suitable for production. Use RedisNonceStore from 
@talak-web3/auth/stores with REDIS_URL.

[90mstderr[2m | 
packages/talak-web3-auth/src/__tests__/unit/auth-core.test.ts[2m 
> [22m[2mTalakWeb3Auth[2m > [22m[2mnonce generation[2m > 
[22m[2mshould generate a cryptographically secure nonce
[22m[39m[talak-web3-auth] InMemoryNonceStore is in use. This is 
NOT suitable for production. Use RedisNonceStore from 
@talak-web3/auth/stores with REDIS_URL.

[90mstderr[2m | 
packages/talak-web3-auth/src/__tests__/unit/auth-core.test.ts[2m 
> [22m[2mTalakWeb3Auth[2m > [22m[2mcreateNonce[2m > 
[22m[2mshould create a nonce via the nonce store
[22m[39m[talak-web3-auth] InMemoryNonceStore is in use. This is 
NOT suitable for production. Use RedisNonceStore from 
@talak-web3/auth/stores with REDIS_URL.

[90mstderr[2m | 
packages/talak-web3-auth/src/__tests__/unit/auth-core.test.ts[2m 
> [22m[2mTalakWeb3Auth[2m > [22m[2mcreateSession[2m > 
[22m[2mshould create a session and return access token
[22m[39m[talak-web3-auth] InMemoryNonceStore is in use. This is 
NOT suitable for production. Use RedisNonceStore from 
@talak-web3/auth/stores with REDIS_URL.

[90mstderr[2m | 
packages/talak-web3-auth/src/__tests__/unit/auth-core.test.ts[2m 
> [22m[2mTalakWeb3Auth[2m > [22m[2mcreateSession[2m > 
[22m[2mshould create valid JWT that can be verified
[22m[39m[talak-web3-auth] InMemoryNonceStore is in use. This is 
NOT suitable for production. Use RedisNonceStore from 
@talak-web3/auth/stores with REDIS_URL.

[90mstderr[2m | 
packages/talak-web3-auth/src/__tests__/unit/auth-core.test.ts[2m 
> [22m[2mTalakWeb3Auth[2m > [22m[2mcreateSession[2m > 
[22m[2mshould create valid JWT that can be verified
[22m[39m[talak-web3-auth] InMemoryNonceStore is in use. This is 
NOT suitable for production. Use RedisNonceStore from 
@talak-web3/auth/stores with REDIS_URL.

[90mstderr[2m | 
packages/talak-web3-auth/src/__tests__/unit/auth-core.test.ts[2m 
> [22m[2mTalakWeb3Auth[2m > [22m[2mverifySession[2m > 
[22m[2mshould verify a valid session token
[22m[39m[talak-web3-auth] InMemoryNonceStore is in use. This is 
NOT suitable for production. Use RedisNonceStore from 
@talak-web3/auth/stores with REDIS_URL.

[90mstderr[2m | 
packages/talak-web3-auth/src/__tests__/unit/auth-core.test.ts[2m 
> [22m[2mTalakWeb3Auth[2m > [22m[2mverifySession[2m > 
[22m[2mshould verify a valid session token
[22m[39m[talak-web3-auth] InMemoryNonceStore is in use. This is 
NOT suitable for production. Use RedisNonceStore from 
@talak-web3/auth/stores with REDIS_URL.

[90mstderr[2m | 
packages/talak-web3-auth/src/__tests__/unit/auth-core.test.ts[2m 
> [22m[2mTalakWeb3Auth[2m > [22m[2mverifySession[2m > 
[22m[2mshould throw for invalid token
[22m[39m[talak-web3-auth] InMemoryNonceStore is in use. This is 
NOT suitable for production. Use RedisNonceStore from 
@talak-web3/auth/stores with REDIS_URL.

[90mstderr[2m | 
packages/talak-web3-auth/src/__tests__/unit/auth-core.test.ts[2m 
> [22m[2mTalakWeb3Auth[2m > [22m[2mvalidateJwt[2m > 
[22m[2mshould return true for valid JWT
[22m[39m[talak-web3-auth] InMemoryNonceStore is in use. This is 
NOT suitable for production. Use RedisNonceStore from 
@talak-web3/auth/stores with REDIS_URL.

[90mstderr[2m | packages/talak-web3-auth/src/__tests__/integratio
n/replay-attack-prevention.test.ts[2m > [22m[2mReplay Attack 
Prevention[2m > [22m[2mrefresh token replay protection[2m > 
[22m[2mshould prevent refresh token reuse after rotation
[22m[39m[talak-web3-auth] InMemoryNonceStore is in use. This is 
NOT suitable for production. Use RedisNonceStore from 
@talak-web3/auth/stores with REDIS_URL.
[talak-web3-auth] InMemoryNonceStore is in use. This is NOT 
suitable for production. Use RedisNonceStore from 
@talak-web3/auth/stores with REDIS_URL.

[90mstderr[2m | packages/talak-web3-auth/src/__tests__/integratio
n/replay-attack-prevention.test.ts[2m > [22m[2mReplay Attack 
Prevention[2m > [22m[2mrefresh token replay protection[2m > 
[22m[2mshould detect token reuse on subsequent attempts
[22m[39m[talak-web3-auth] InMemoryNonceStore is in use. This is 
NOT suitable for production. Use RedisNonceStore from 
@talak-web3/auth/stores with REDIS_URL.
[talak-web3-auth] InMemoryNonceStore is in use. This is NOT 
suitable for production. Use RedisNonceStore from 
@talak-web3/auth/stores with REDIS_URL.

[90mstderr[2m | packages/talak-web3-auth/src/__tests__/integratio
n/replay-attack-prevention.test.ts[2m > [22m[2mReplay Attack 
Prevention[2m > [22m[2mrefresh token replay protection[2m > 
[22m[2mshould handle concurrent rotation attempts
[22m[39m[talak-web3-auth] InMemoryNonceStore is in use. This is 
NOT suitable for production. Use RedisNonceStore from 
@talak-web3/auth/stores with REDIS_URL.
[talak-web3-auth] InMemoryNonceStore is in use. This is NOT 
suitable for production. Use RedisNonceStore from 
@talak-web3/auth/stores with REDIS_URL.

[90mstderr[2m | packages/talak-web3-auth/src/__tests__/integratio
n/replay-attack-prevention.test.ts[2m > [22m[2mReplay Attack 
Prevention[2m > [22m[2mcross-address replay protection[2m > 
[22m[2mshould prevent nonce from one address being used by 
another
[22m[39m[talak-web3-auth] InMemoryNonceStore is in use. This is 
NOT suitable for production. Use RedisNonceStore from 
@talak-web3/auth/stores with REDIS_URL.

 [31mÔØ»[39m packages/talak-web3-auth/src/__tests__/integration/replay-attack-prevention.test.ts [2m([22m[2m8 tests[22m[2m | [22m[31m3 failed[39m[2m)[22m[90m 192[2mms[22m[39m
[31m   [31m├ù[31m Replay Attack Prevention[2m > [22mrefresh token replay protection[2m > [22mshould prevent refresh token reuse after rotation[90m 29[2mms[22m[31m[39m
[31m     ÔåÆ JWT_PRIVATE_KEY and JWT_PUBLIC_KEY environment variables are required.[39m
[31m     ÔåÆ JWT_PRIVATE_KEY and JWT_PUBLIC_KEY environment variables are required.[39m
[31m   [31m├ù[31m Replay Attack Prevention[2m > [22mrefresh token replay protection[2m > [22mshould detect token reuse on subsequent attempts[90m 7[2mms[22m[31m[39m
[31m     ÔåÆ JWT_PRIVATE_KEY and JWT_PUBLIC_KEY environment variables are required.[39m
[31m     ÔåÆ JWT_PRIVATE_KEY and JWT_PUBLIC_KEY environment variables are required.[39m
[31m   [31m├ù[31m Replay Attack Prevention[2m > [22mrefresh token replay protection[2m > [22mshould handle concurrent rotation attempts[90m 16[2mms[22m[31m[39m
[31m     ÔåÆ expected +0 to be 1 // Object.is equality[39m
[31m     ÔåÆ expected +0 to be 1 // Object.is equality[39m
[90mstderr[2m | 
packages/talak-web3-auth/src/__tests__/unit/auth-core.test.ts[2m 
> [22m[2mTalakWeb3Auth[2m > [22m[2mvalidateJwt[2m > 
[22m[2mshould return true for valid JWT
[22m[39m[talak-web3-auth] InMemoryNonceStore is in use. This is 
NOT suitable for production. Use RedisNonceStore from 
@talak-web3/auth/stores with REDIS_URL.

[90mstderr[2m | 
packages/talak-web3-auth/src/__tests__/unit/auth-core.test.ts[2m 
> [22m[2mTalakWeb3Auth[2m > [22m[2mvalidateJwt[2m > 
[22m[2mshould return false for invalid JWT
[22m[39m[talak-web3-auth] InMemoryNonceStore is in use. This is 
NOT suitable for production. Use RedisNonceStore from 
@talak-web3/auth/stores with REDIS_URL.

[90mstderr[2m | 
packages/talak-web3-auth/src/__tests__/unit/auth-core.test.ts[2m 
> [22m[2mTalakWeb3Auth[2m > [22m[2mrevokeSession[2m > 
[22m[2mshould revoke an access token
[22m[39m[talak-web3-auth] InMemoryNonceStore is in use. This is 
NOT suitable for production. Use RedisNonceStore from 
@talak-web3/auth/stores with REDIS_URL.

[90mstderr[2m | 
packages/talak-web3-auth/src/__tests__/unit/auth-core.test.ts[2m 
> [22m[2mTalakWeb3Auth[2m > [22m[2mrefresh token flow[2m > 
[22m[2mshould rotate refresh token and issue new tokens
[22m[39m[talak-web3-auth] InMemoryNonceStore is in use. This is 
NOT suitable for production. Use RedisNonceStore from 
@talak-web3/auth/stores with REDIS_URL.

[90mstderr[2m | 
packages/talak-web3-auth/src/__tests__/unit/auth-core.test.ts[2m 
> [22m[2mTalakWeb3Auth[2m > [22m[2mrefresh token flow[2m > 
[22m[2mshould rotate refresh token and issue new tokens
[22m[39m[talak-web3-auth] InMemoryNonceStore is in use. This is 
NOT suitable for production. Use RedisNonceStore from 
@talak-web3/auth/stores with REDIS_URL.

 [31mÔØ»[39m packages/talak-web3-auth/src/__tests__/unit/auth-core.test.ts [2m([22m[2m13 tests[22m[2m | [22m[31m5 failed[39m[2m)[22m[33m 356[2mms[22m[39m
[31m   [31m├ù[31m TalakWeb3Auth[2m > [22minitialization[2m > [22mshould fail coldStart if keys are missing from environment[90m 31[2mms[22m[31m[39m
[31m     ÔåÆ promise resolved "undefined" instead of rejecting[39m
[31m     ÔåÆ promise resolved "undefined" instead of rejecting[39m
[31m   [31m├ù[31m TalakWeb3Auth[2m > [22mcreateSession[2m > [22mshould create valid JWT that can be verified[90m 36[2mms[22m[31m[39m
[31m     ÔåÆ expected false to be true // Object.is equality[39m
[31m     ÔåÆ expected false to be true // Object.is equality[39m
[31m   [31m├ù[31m TalakWeb3Auth[2m > [22mverifySession[2m > [22mshould verify a valid session token[90m 32[2mms[22m[31m[39m
[31m     ÔåÆ Invalid or expired session token[39m
[31m     ÔåÆ Invalid or expired session token[39m
[31m   [31m├ù[31m TalakWeb3Auth[2m > [22mvalidateJwt[2m > [22mshould return true for valid JWT[90m 46[2mms[22m[31m[39m
[31m     ÔåÆ expected false to be true // Object.is equality[39m
[31m     ÔåÆ expected false to be true // Object.is equality[39m
[31m   [31m├ù[31m TalakWeb3Auth[2m > [22mrefresh token flow[2m > [22mshould rotate refresh token and issue new tokens[90m 36[2mms[22m[31m[39m
[31m     ÔåÆ expected false to be true // Object.is equality[39m
[31m     ÔåÆ expected false to be true // Object.is equality[39m
 [2m[90mÔåô[39m[22m packages/talak-web3-auth/src/__tests__/redis-nonce-store.test.ts [2m([22m[2m7 tests[22m[2m | [22m[33m7 skipped[39m[2m)[22m
 [31mÔØ»[39m packages/talak-web3-core/src/__tests__/unit/index.test.ts [2m([22m[2m11 tests[22m[2m | [22m[31m11 failed[39m[2m)[22m[90m 78[2mms[22m[39m
[31m   [31m├ù[31m talakWeb3[2m > [22msingleton behavior[2m > [22mshould return the same instance on multiple calls[90m 34[2mms[22m[31m[39m
[31m     ÔåÆ CRITICAL: Mandatory auth stores (nonce, refresh, revocation) are missing from the configuration. This is a fatal error in production.[39m
[31m     ÔåÆ CRITICAL: Mandatory auth stores (nonce, refresh, revocation) are missing from the configuration. This is a fatal error in production.[39m
[31m   [31m├ù[31m talakWeb3[2m > [22msingleton behavior[2m > [22mshould create new instance after reset[90m 4[2mms[22m[31m[39m
[31m     ÔåÆ CRITICAL: Mandatory auth stores (nonce, refresh, revocation) are missing from the configuration. This is a fatal error in production.[39m
[31m     ÔåÆ CRITICAL: Mandatory auth stores (nonce, refresh, revocation) are missing from the configuration. This is a fatal error in production.[39m
[31m   [31m├ù[31m talakWeb3[2m > [22minstance structure[2m > [22mshould have required properties[90m 3[2mms[22m[31m[39m
[31m     ÔåÆ CRITICAL: Mandatory auth stores (nonce, refresh, revocation) are missing from the configuration. This is a fatal error in production.[39m
[31m     ÔåÆ CRITICAL: Mandatory auth stores (nonce, refresh, revocation) are missing from the configuration. This is a fatal error in production.[39m
[31m   [31m├ù[31m talakWeb3[2m > [22minstance structure[2m > [22mshould have init method[90m 3[2mms[22m[31m[39m
[31m     ÔåÆ CRITICAL: Mandatory auth stores (nonce, refresh, revocation) are missing from the configuration. This is a fatal error in production.[39m
[31m     ÔåÆ CRITICAL: Mandatory auth stores (nonce, refresh, revocation) are missing from the configuration. This is a fatal error in production.[39m
[31m   [31m├ù[31m talakWeb3[2m > [22minstance structure[2m > [22mshould have destroy method[90m 3[2mms[22m[31m[39m
[31m     ÔåÆ CRITICAL: Mandatory auth stores (nonce, refresh, revocation) are missing from the configuration. This is a fatal error in production.[39m
[31m     ÔåÆ CRITICAL: Mandatory auth stores (nonce, refresh, revocation) are missing from the configuration. This is a fatal error in production.[39m
[31m   [31m├ù[31m talakWeb3[2m > [22minitialization[2m > [22mshould initialize without plugins[90m 3[2mms[22m[31m[39m
[31m     ÔåÆ CRITICAL: Mandatory auth stores (nonce, refresh, revocation) are missing from the configuration. This is a fatal error in production.[39m
[31m     ÔåÆ CRITICAL: Mandatory auth stores (nonce, refresh, revocation) are missing from the configuration. This is a fatal error in production.[39m
[31m   [31m├ù[31m talakWeb3[2m > [22minitialization[2m > [22mshould initialize with empty plugins array[90m 3[2mms[22m[31m[39m
[31m     ÔåÆ CRITICAL: Mandatory auth stores (nonce, refresh, revocation) are missing from the configuration. This is a fatal error in production.[39m
[31m     ÔåÆ CRITICAL: Mandatory auth stores (nonce, refresh, revocation) are missing from the configuration. This is a fatal error in production.[39m
[31m   [31m├ù[31m talakWeb3[2m > [22mdestroy[2m > [22mshould destroy cleanly[90m 4[2mms[22m[31m[39m
[31m     ÔåÆ CRITICAL: Mandatory auth stores (nonce, refresh, revocation) are missing from the configuration. This is a fatal error in production.[39m
[31m     ÔåÆ CRITICAL: Mandatory auth stores (nonce, refresh, revocation) are missing from the configuration. This is a fatal error in production.[39m
[31m   [31m├ù[31m talakWeb3[2m > [22mdestroy[2m > [22mshould reset singleton on destroy[90m 3[2mms[22m[31m[39m
[31m     ÔåÆ CRITICAL: Mandatory auth stores (nonce, refresh, revocation) are missing from the configuration. This is a fatal error in production.[39m
[31m     ÔåÆ CRITICAL: Mandatory auth stores (nonce, refresh, revocation) are missing from the configuration. This is a fatal error in production.[39m
[31m   [31m├ù[31m talakWeb3[2m > [22mcontext[2m > [22mshould have context with required properties[90m 9[2mms[22m[31m[39m
[31m     ÔåÆ CRITICAL: Mandatory auth stores (nonce, refresh, revocation) are missing from the configuration. This is a fatal error in production.[39m
[31m     ÔåÆ CRITICAL: Mandatory auth stores (nonce, refresh, revocation) are missing from the configuration. This is a fatal error in production.[39m
[31m   [31m├ù[31m talakWeb3[2m > [22mhooks[2m > [22mshould have event emitter methods[90m 3[2mms[22m[31m[39m
[31m     ÔåÆ CRITICAL: Mandatory auth stores (nonce, refresh, revocation) are missing from the configuration. This is a fatal error in production.[39m
[31m     ÔåÆ CRITICAL: Mandatory auth stores (nonce, refresh, revocation) are missing from the configuration. This is a fatal error in production.[39m
 [32mÔ£ô[39m packages/talak-web3-core/src/__tests__/unit/middleware.test.ts [2m([22m[2m9 tests[22m[2m)[22m[90m 62[2mms[22m[39m
[90mstderr[2m | packages/talak-web3-auth/src/__tests__/unit/nonce
-store.test.ts[2m > [22m[2mInMemoryNonceStore[2m > 
[22m[2mcreate[2m > [22m[2mshould create a nonce for an address
[22m[39m[talak-web3-auth] InMemoryNonceStore is in use. This is 
NOT suitable for production. Use RedisNonceStore from 
@talak-web3/auth/stores with REDIS_URL.

[90mstderr[2m | packages/talak-web3-auth/src/__tests__/unit/nonce
-store.test.ts[2m > [22m[2mInMemoryNonceStore[2m > 
[22m[2mcreate[2m > [22m[2mshould create unique nonces for the 
same address
[22m[39m[talak-web3-auth] InMemoryNonceStore is in use. This is 
NOT suitable for production. Use RedisNonceStore from 
@talak-web3/auth/stores with REDIS_URL.

[90mstderr[2m | packages/talak-web3-auth/src/__tests__/unit/nonce
-store.test.ts[2m > [22m[2mInMemoryNonceStore[2m > 
[22m[2mcreate[2m > [22m[2mshould handle addresses 
case-insensitively
[22m[39m[talak-web3-auth] InMemoryNonceStore is in use. This is 
NOT suitable for production. Use RedisNonceStore from 
@talak-web3/auth/stores with REDIS_URL.

[90mstderr[2m | packages/talak-web3-auth/src/__tests__/unit/nonce
-store.test.ts[2m > [22m[2mInMemoryNonceStore[2m > 
[22m[2mcreate[2m > [22m[2mshould accept optional metadata
[22m[39m[talak-web3-auth] InMemoryNonceStore is in use. This is 
NOT suitable for production. Use RedisNonceStore from 
@talak-web3/auth/stores with REDIS_URL.

[90mstderr[2m | packages/talak-web3-auth/src/__tests__/unit/nonce
-store.test.ts[2m > [22m[2mInMemoryNonceStore[2m > 
[22m[2mconsume[2m > [22m[2mshould consume a valid nonce
[22m[39m[talak-web3-auth] InMemoryNonceStore is in use. This is 
NOT suitable for production. Use RedisNonceStore from 
@talak-web3/auth/stores with REDIS_URL.

[90mstderr[2m | packages/talak-web3-auth/src/__tests__/unit/nonce
-store.test.ts[2m > [22m[2mInMemoryNonceStore[2m > 
[22m[2mconsume[2m > [22m[2mshould return false for 
non-existent nonce
[22m[39m[talak-web3-auth] InMemoryNonceStore is in use. This is 
NOT suitable for production. Use RedisNonceStore from 
@talak-web3/auth/stores with REDIS_URL.

[90mstderr[2m | packages/talak-web3-auth/src/__tests__/unit/nonce
-store.test.ts[2m > [22m[2mInMemoryNonceStore[2m > 
[22m[2mconsume[2m > [22m[2mshould return false for already 
consumed nonce (replay protection)
[22m[39m[talak-web3-auth] InMemoryNonceStore is in use. This is 
NOT suitable for production. Use RedisNonceStore from 
@talak-web3/auth/stores with REDIS_URL.

[90mstderr[2m | packages/talak-web3-auth/src/__tests__/unit/nonce
-store.test.ts[2m > [22m[2mInMemoryNonceStore[2m > 
[22m[2mconsume[2m > [22m[2mshould return false for nonce from 
different address
[22m[39m[talak-web3-auth] InMemoryNonceStore is in use. This is 
NOT suitable for production. Use RedisNonceStore from 
@talak-web3/auth/stores with REDIS_URL.

[90mstderr[2m | packages/talak-web3-auth/src/__tests__/unit/nonce
-store.test.ts[2m > [22m[2mInMemoryNonceStore[2m > 
[22m[2mconsume[2m > [22m[2mshould return false for expired 
nonce
[22m[39m[talak-web3-auth] InMemoryNonceStore is in use. This is 
NOT suitable for production. Use RedisNonceStore from 
@talak-web3/auth/stores with REDIS_URL.
[talak-web3-auth] InMemoryNonceStore is in use. This is NOT 
suitable for production. Use RedisNonceStore from 
@talak-web3/auth/stores with REDIS_URL.

[90mstderr[2m | packages/talak-web3-auth/src/__tests__/unit/nonce
-store.test.ts[2m > [22m[2mInMemoryNonceStore[2m > 
[22m[2mTTL enforcement[2m > [22m[2mshould cap TTL at 5 
minutes maximum
[22m[39m[talak-web3-auth] InMemoryNonceStore is in use. This is 
NOT suitable for production. Use RedisNonceStore from 
@talak-web3/auth/stores with REDIS_URL.
[talak-web3-auth] InMemoryNonceStore is in use. This is NOT 
suitable for production. Use RedisNonceStore from 
@talak-web3/auth/stores with REDIS_URL.

 [32mÔ£ô[39m packages/talak-web3-auth/src/__tests__/unit/nonce-store.test.ts [2m([22m[2m10 tests[22m[2m)[22m[90m 55[2mms[22m[39m
 [31mÔØ»[39m packages/talak-web3-rate-limit/src/__tests__/redis-integration.test.ts [2m([22m[2m0 test[22m[2m)[22m
[90mstderr[2m | 
packages/talak-web3-rpc/src/__tests__/rpc.test.ts[2m > 
[22m[2mUnifiedRpc[2m > [22m[2mshould retry and failover on 
error
[22m[39mRPC attempt 1/3 failed on https://rpc1.com: Network error

[90mstderr[2m | 
packages/talak-web3-rpc/src/__tests__/rpc.test.ts[2m > 
[22m[2mUnifiedRpc[2m > [22m[2mshould retry and failover on 
error
[22m[39mRPC attempt 1/3 failed on https://rpc1.com: Network error

[90mstderr[2m | 
packages/talak-web3-rpc/src/__tests__/rpc.test.ts[2m > 
[22m[2mUnifiedRpc[2m > [22m[2mshould throw error after max 
retries
[22m[39mRPC attempt 1/3 failed on https://rpc1.com: Network error

[90mstderr[2m | 
packages/talak-web3-rpc/src/__tests__/rpc.test.ts[2m > 
[22m[2mUnifiedRpc[2m > [22m[2mshould throw error after max 
retries
[22m[39mRPC attempt 2/3 failed on https://rpc1.com: Network error

 [31mÔØ»[39m packages/talak-web3-core/src/__tests__/security-hardening.test.ts [2m([22m[2m0 test[22m[2m)[22m
 [31mÔØ»[39m packages/talak-web3-rate-limit/src/__tests__/index.test.ts [2m([22m[2m0 test[22m[2m)[22m
[90mstderr[2m | 
packages/talak-web3-rpc/src/__tests__/rpc.test.ts[2m > 
[22m[2mUnifiedRpc[2m > [22m[2mshould throw error after max 
retries
[22m[39mRPC attempt 3/3 failed on https://rpc1.com: Network error

 [31mÔØ»[39m packages/talak-web3-rpc/src/__tests__/rpc.test.ts [2m([22m[2m3 tests[22m[2m | [22m[31m1 failed[39m[2m)[22m[33m 1126[2mms[22m[39m
[31m   [31m├ù[31m UnifiedRpc[2m > [22mshould retry and failover on error[33m 470[2mms[22m[31m[39m
[31m     ÔåÆ expected undefined to be 'down' // Object.is equality[39m
[31m     ÔåÆ expected undefined to be 'down' // Object.is equality[39m
   [33m[2mÔ£ô[22m[39m UnifiedRpc[2m > [22mshould throw error after max retries [33m644[2mms[22m[39m
 [32mÔ£ô[39m packages/talak-web3-utils/src/__tests__/index.test.ts [2m([22m[2m8 tests[22m[2m)[22m[90m 14[2mms[22m[39m
